// Jest Snapshot v1, https://goo.gl/fbAQLP

exports[`createArchiveRecord should create an ArchiveRecord 1`] = `
{
  "createdAt": 2023-01-23T21:02:40.000Z,
  "displayDate": 2023-01-23T21:02:40.000Z,
  "displayName": "test",
  "fileSystemCompatibleName": "test (1).txt",
  "fileSystemId": 14,
  "files": [],
  "id": 5,
  "status": "status.generic.undefined",
  "type": "type.record.document",
  "updatedAt": 2023-01-23T21:02:40.000Z,
}
`;
