// Jest Snapshot v1, https://goo.gl/fbAQLP

exports[`createFolder should create a folder 1`] = `
{
  "archiveRecords": [],
  "createdAt": 2022-12-15T17:04:32.000Z,
  "displayDate": 2022-12-15T17:04:31.000Z,
  "fileSystemCompatibleName": "testFolder (2)",
  "fileSystemId": 7,
  "folders": [],
  "id": 7,
  "name": "testFolder",
  "size": 0,
  "updatedAt": 2022-12-15T17:04:32.000Z,
}
`;
