// Jest Snapshot v1, https://goo.gl/fbAQLP

exports[`getArchiveRootFolderVo should return the root folder VO 1`] = `
Object {
  "AccessVO": null,
  "AccessVOs": null,
  "ChildFolderVOs": Array [],
  "ChildItemVOs": Array [
    Object {
      "AccessVO": null,
      "AccessVOs": null,
      "ChildFolderVOs": Array [],
      "ChildItemVOs": Array [],
      "FolderLinkVOs": Array [
        Object {
          "accessRole": "access.role.owner",
          "archiveId": 1,
          "createdDT": "2022-06-23T18:33:44",
          "folderId": 2,
          "folder_linkId": 2,
          "linkCount": 1,
          "parentFolderId": 1,
          "parentFolder_linkId": 1,
          "position": 1,
          "recordId": null,
          "shareDT": null,
          "status": "status.generic.ok",
          "type": "type.folder_link.root.app",
          "updatedDT": "2022-06-23T18:33:44",
        },
      ],
      "FolderSizeVO": null,
      "LocnVO": null,
      "ParentFolderVOs": Array [],
      "RecordVOs": Array [],
      "ShareVOs": Array [],
      "SharedArchiveVOs": Array [],
      "TagVOs": Array [],
      "TimezoneVO": Object {
        "country": null,
        "countryCode": null,
        "createdDT": "2022-06-23T18:33:44",
        "displayName": "Central Time",
        "dstAbbrev": "CDT",
        "dstName": null,
        "dstOffset": "-05:00",
        "status": "status.generic.ok",
        "stdAbbrev": "CST",
        "stdName": null,
        "stdOffset": "-06:00",
        "timeZoneId": 88,
        "timeZonePlace": null,
        "type": "type.folder.root.app",
        "updatedDT": "2022-07-18T13:55:01",
      },
      "accessRole": "access.role.owner",
      "archiveArchiveNbr": null,
      "archiveId": 1,
      "archiveNbr": "0001-0002",
      "createdDT": "2022-06-23T18:33:44",
      "derivedDT": null,
      "derivedEndDT": null,
      "description": "Welcome to apps section. This is where you can manage all the 3rd party apps you have connected with.",
      "displayDT": "2022-06-23T18:33:44",
      "displayEndDT": null,
      "displayName": "Apps",
      "downloadName": null,
      "downloadNameOk": null,
      "folderId": 2,
      "folder_linkId": 2,
      "folder_linkType": "type.folder_link.root.app",
      "imageRatio": "1.00",
      "locnId": null,
      "note": null,
      "parentArchiveNbr": null,
      "parentDisplayName": null,
      "parentFolderId": 1,
      "parentFolder_linkId": 1,
      "pathAsArchiveNbr": Array [],
      "pathAsFolder_linkId": null,
      "pathAsText": Array [],
      "posLimit": null,
      "posStart": null,
      "position": 1,
      "publicDT": null,
      "returnDataSize": null,
      "searchScore": null,
      "shareDT": null,
      "sort": null,
      "special": null,
      "status": "status.generic.ok",
      "thumbArchiveNbr": null,
      "thumbDT": "2022-07-25T13:55:01",
      "thumbStatus": "status.generic.ok",
      "thumbURL1000": "https://localcdn.permanent.org/_slifty/0001-0002.thumb.w1000?t=1658757301&Expires=1658757301&Signature=GMUf2mPdAiWVkmxcl8iaoaobW8BiFifAtkXtBXeUobv9uXZS7flJzugCWnIWD8Vu9cRCaEAQOnCEptH-bQGx~CkGBOFzPscdaGfOXgSd4y0pJ3BgsC2fL9qflk9ImIYAa-qL13d1o5jIW~bEy-zDfWIZi0pXbKOu0AWKz7V2ALum06Oze7GRVk5mga6F7ZoLUKw0Xr7bWn4y10qIK588-IZgD3StAMmN753XgUcwF~mYD29UccetAJXKyesacQZ03Bu~jh-i9U9DnCdc~6ae48L6JHHsX2O01wRc8hh0tqnsMx5JiSgZ5U1vf5701pGInVMFiN2ao7mxTdV6tjmwig__&Key-Pair-Id=APKAJP2D34UGZ6IG443Q",
      "thumbURL200": "https://localcdn.permanent.org/_slifty/0001-0002.thumb.w200?t=1658757301&Expires=1658757301&Signature=Jy2QA3~15jJWRuYtDGO3cr4hPsyzfVLLwpdw75xpudzrtG7R4bWH6Edv4ibpKIgnLEz2E95snRiJ5bt5i-xL-ra4d7FAlyLY~lo8JaACJ9JXCSeaa6wpXoUpMddtlhgq24d5utPK1Rrs4mbz3N2hvGnvFyAc24ls13JQUoG9fSkosQhF5dEjIgtG-sbB9rSxUd4kqNbExsiO~HYuP2oE0SZBp-9hp9c71B6ITb2ZRnz9TOc6VVVA8pACJ8I6D0Y-~HouzKejZZQA2SKTTOJIjremnMWYko2GdLIOo6E3Y3WTBNKZfiCNRrH4tFz75pph3DfUMf~0Ve9vQQskUUP9nQ__&Key-Pair-Id=APKAJP2D34UGZ6IG443Q",
      "thumbURL2000": "https://localcdn.permanent.org/_slifty/0001-0002.thumb.w2000?t=1658757301&Expires=1658757301&Signature=h5h~KZ27vPS~ueBV6ZnEdI8H5JKlzl69MiXcaBldhEUb5G7YX1lMRucgCeXiyQOZbSvcz2bCet-hw~b83QS8Kis2xfJaXA~nPxx3jjYkE6wE5vya-BSCtzHS~7mCCnehh8rUwJF6QSLloYpt~vXnIsBVKKQacRXudIKJBoi7pEazPlBAUeHz2XKdATlSG2WjYdeFSAKZMuj7Gsxe6zXsAdlLWIZX7G6oivSkYEMn7hEQoNJwyIb2OK~d434~R6UMy6fzh5Wb5EN8gaZK9z4o~xS387eUISeb5h6r-pMQxakKphO3bEB5JGdVfB5awahejcbv8bFJdGM2d8u3vZlXwQ__&Key-Pair-Id=APKAJP2D34UGZ6IG443Q",
      "thumbURL500": "https://localcdn.permanent.org/_slifty/0001-0002.thumb.w500?t=1658757301&Expires=1658757301&Signature=C6Fhc3rlhvrn86rmk7ZPxt5iqfRNIko41n2ESsygGBsasCPG3ralD1564sY8nvC-zAH8U2Tg2eNbNbQnpJoqltZBeqtMw0zF1cYAnX4ZjgmQ99ZipmaU5qbjwT1NjwzV8SNo4DwWq~I1soykt1quOS0GRR44qIh1IjyEPzOFdQzBGl833O9HYMZiAM~wKyYj33GFQkPsb-Annb6ruhoMaNzHhGViZKauafzGNhaClVkSiSs4EVPkePABOokTBYWwi~HXLY0elndjATLQrY65WfxP5fAdf8FoEAHTt1sN5Q9ZrO-aAa342KZiME4xOTEFAsBXlna16GQGL7RRZQngCQ__&Key-Pair-Id=APKAJP2D34UGZ6IG443Q",
      "timeZoneId": 88,
      "type": "type.folder.root.app",
      "updatedDT": "2022-07-18T13:55:01",
      "view": "folder.view.grid",
      "viewProperty": null,
    },
    Object {
      "AccessVO": null,
      "AccessVOs": null,
      "ChildFolderVOs": Array [],
      "ChildItemVOs": Array [],
      "FolderLinkVOs": Array [
        Object {
          "accessRole": "access.role.owner",
          "archiveId": 1,
          "createdDT": "2022-06-23T18:33:45",
          "folderId": 3,
          "folder_linkId": 3,
          "linkCount": 1,
          "parentFolderId": 1,
          "parentFolder_linkId": 1,
          "position": 1,
          "recordId": null,
          "shareDT": null,
          "status": "status.generic.ok",
          "type": "type.folder_link.root.private",
          "updatedDT": "2022-06-23T18:33:45",
        },
      ],
      "FolderSizeVO": null,
      "LocnVO": null,
      "ParentFolderVOs": Array [],
      "RecordVOs": Array [],
      "ShareVOs": Array [],
      "SharedArchiveVOs": Array [],
      "TagVOs": Array [],
      "TimezoneVO": Object {
        "country": null,
        "countryCode": null,
        "createdDT": "2022-06-23T18:33:45",
        "displayName": "Central Time",
        "dstAbbrev": "CDT",
        "dstName": null,
        "dstOffset": "-05:00",
        "status": "status.generic.ok",
        "stdAbbrev": "CST",
        "stdName": null,
        "stdOffset": "-06:00",
        "timeZoneId": 88,
        "timeZonePlace": null,
        "type": "type.folder.root.private",
        "updatedDT": "2022-07-18T13:55:01",
      },
      "accessRole": "access.role.owner",
      "archiveArchiveNbr": null,
      "archiveId": 1,
      "archiveNbr": "0001-0003",
      "createdDT": "2022-06-23T18:33:45",
      "derivedDT": null,
      "derivedEndDT": null,
      "description": "Welcome to My Files, a place to organize all the files you have uploaded. If you would like to share something with someone, you can do it by selecting that item and choosing the desired user and their access permission.",
      "displayDT": "2022-06-23T18:33:45",
      "displayEndDT": null,
      "displayName": "My Files",
      "downloadName": null,
      "downloadNameOk": null,
      "folderId": 3,
      "folder_linkId": 3,
      "folder_linkType": "type.folder_link.root.private",
      "imageRatio": "1.00",
      "locnId": null,
      "note": null,
      "parentArchiveNbr": null,
      "parentDisplayName": null,
      "parentFolderId": 1,
      "parentFolder_linkId": 1,
      "pathAsArchiveNbr": Array [],
      "pathAsFolder_linkId": null,
      "pathAsText": Array [],
      "posLimit": null,
      "posStart": null,
      "position": 1,
      "publicDT": null,
      "returnDataSize": null,
      "searchScore": null,
      "shareDT": null,
      "sort": null,
      "special": null,
      "status": "status.generic.ok",
      "thumbArchiveNbr": null,
      "thumbDT": "2022-07-25T13:55:01",
      "thumbStatus": "status.generic.ok",
      "thumbURL1000": "https://localcdn.permanent.org/_slifty/0001-0003.thumb.w1000?t=1658757301&Expires=1658757301&Signature=EA-kXtuxcig3uLItImQIeVunBgxM4DsdUibYZSKztOH7gQ38MYiaKwoq1bZ9ElZprPVbc0PeyePyYIZaCDaGmN1DcBJOGN6~ZNB8cd-jDVpiVUfH957bfHRH4p3uXizl5bCYxwdrP4AWKA0A9pr29kyOBjpgJqmUyjjYVB5u9fUO-R8KpCfdGh3y~vpowtfcquOc5CizGzBZXu468a0ra9DNVwxdIg-4Iqj~e1PMXMVl1y2eVLbqG6CdYT2e1fEQM~8qWSCehIjqtb6XG-3hxpi1n78~a4OS6T-kmyofXxTYbC5wTitJhCN9WO6X~DuGmC5dS3jZf5S16xbmrWo3AQ__&Key-Pair-Id=APKAJP2D34UGZ6IG443Q",
      "thumbURL200": "https://localcdn.permanent.org/_slifty/0001-0003.thumb.w200?t=1658757301&Expires=1658757301&Signature=iuYVX53dTLZWiHzY0uf086aVRTgIAMc2vanubwHP0K-AzfwiNtyfGMQzUHl0RVPpZxNqc8S1xw~Gl2wrelBb3sdqDGUExe8GrDoMv7H-vceLJcJFhP0yTsRy7qpNLY~Y5MvyZhqX69shV2AroPXUdBVIk07C4TO9A4hYKsxfirFmwMuFhT~OtJ4h-B1eBXc7t5bhw74ME49PJHUPyATEkQGTSTZfK3CWmn04q~x96tKBqXsHsMPRBiy0RiiUNYtLjR68kthlfHuExH4y0rUK04s7G7F9kgy4V7LVR-u7Ru5DkIh-HbAh-ghYJ-YJ58c2Edc38Gz~YQfU5GYfKLK-cw__&Key-Pair-Id=APKAJP2D34UGZ6IG443Q",
      "thumbURL2000": "https://localcdn.permanent.org/_slifty/0001-0003.thumb.w2000?t=1658757301&Expires=1658757301&Signature=VEewP~ImYlcQ8hSiiVoOmPRFd~Aw3qQ-AyVyLpgdWlpQ2IFkSNDyVEb8KpRIkblZZ4al8SeQqF1gM7eayE4fp4m4-5i3B0iCCJ4wgQW9Ky9j177qARvwE5Gtv4idKN9Fnp-trI5nMYbgEArlJkey4CRHvJe7nL8KtI7AxENAgJqErxvd4xE24YTISMSmHCk6GGuynKDYevvHogwIYmNmvuRz0vdwuc6G20pGaJr6WHaA7LIuzdIgWs1G5a-jGwDlxMvefYzoHXCBmDgkHIrQW3HEjddxDn0gHZQZ10d9NSUpWHITKyNnTgv2gov3P1tR9dPlZFGpuNobmVVX5QzVMQ__&Key-Pair-Id=APKAJP2D34UGZ6IG443Q",
      "thumbURL500": "https://localcdn.permanent.org/_slifty/0001-0003.thumb.w500?t=1658757301&Expires=1658757301&Signature=Krm5hY5AydF-2x~P0S5L46BXKUR18P-ZjKXP7x3qAT-YkGSnWk1OYh4YxIxh2ZaQHqIxYUfcUrWZCwFrwKKvYPFQqSd6b34BXhNuceCWfIr-zsCkJn7f8ut~49PzVoQVntp6CU4Lrx1w4jKZv3FJmVg2W7NBqYjWG2~ka~7Z~mSQtAUAlEfKJQfrVP-saHdeF1nv71yjmKCwIhLPlU3uqDE-77L9Hh0SxQDn6-GizWYQRwE37P1Db~wrdNC1UejMlR8XtLytmXL7lT~r--BZ-B6V7u14pl~83VyFv5tgjgFvPaJTU0PU5QP5NMTxTRQ-eLKij7GRH2dURtib55AUYg__&Key-Pair-Id=APKAJP2D34UGZ6IG443Q",
      "timeZoneId": 88,
      "type": "type.folder.root.private",
      "updatedDT": "2022-07-18T13:55:01",
      "view": "folder.view.grid",
      "viewProperty": null,
    },
    Object {
      "AccessVO": null,
      "AccessVOs": null,
      "ChildFolderVOs": Array [],
      "ChildItemVOs": Array [],
      "FolderLinkVOs": Array [
        Object {
          "accessRole": "access.role.owner",
          "archiveId": 1,
          "createdDT": "2022-06-23T18:33:46",
          "folderId": 4,
          "folder_linkId": 4,
          "linkCount": 1,
          "parentFolderId": 1,
          "parentFolder_linkId": 1,
          "position": 1,
          "recordId": null,
          "shareDT": null,
          "status": "status.generic.ok",
          "type": "type.folder_link.root.public",
          "updatedDT": "2022-06-23T18:33:46",
        },
      ],
      "FolderSizeVO": null,
      "LocnVO": null,
      "ParentFolderVOs": Array [],
      "RecordVOs": Array [],
      "ShareVOs": Array [],
      "SharedArchiveVOs": Array [],
      "TagVOs": Array [],
      "TimezoneVO": Object {
        "country": null,
        "countryCode": null,
        "createdDT": "2022-06-23T18:33:46",
        "displayName": "Central Time",
        "dstAbbrev": "CDT",
        "dstName": null,
        "dstOffset": "-05:00",
        "status": "status.generic.ok",
        "stdAbbrev": "CST",
        "stdName": null,
        "stdOffset": "-06:00",
        "timeZoneId": 88,
        "timeZonePlace": null,
        "type": "type.folder.root.public",
        "updatedDT": "2022-06-23T18:33:48",
      },
      "accessRole": "access.role.owner",
      "archiveArchiveNbr": null,
      "archiveId": 1,
      "archiveNbr": "0001-0004",
      "createdDT": "2022-06-23T18:33:46",
      "derivedDT": null,
      "derivedEndDT": null,
      "description": "This is your Public folder. Place files and information in this folder that you would want everyone in the world to be able to see for eternity. Do not put information here that you do not want publicly available right away. Tell your life story. Add the things you would like to share and preserve.",
      "displayDT": "2022-06-23T18:33:46",
      "displayEndDT": null,
      "displayName": "Public",
      "downloadName": null,
      "downloadNameOk": null,
      "folderId": 4,
      "folder_linkId": 4,
      "folder_linkType": "type.folder_link.root.public",
      "imageRatio": "1.00",
      "locnId": null,
      "note": null,
      "parentArchiveNbr": null,
      "parentDisplayName": null,
      "parentFolderId": 1,
      "parentFolder_linkId": 1,
      "pathAsArchiveNbr": Array [],
      "pathAsFolder_linkId": null,
      "pathAsText": Array [],
      "posLimit": null,
      "posStart": null,
      "position": 1,
      "publicDT": "2022-06-22T00:00:00",
      "returnDataSize": null,
      "searchScore": null,
      "shareDT": null,
      "sort": null,
      "special": null,
      "status": "status.generic.ok",
      "thumbArchiveNbr": null,
      "thumbDT": "2023-06-23T18:33:47",
      "thumbStatus": "status.generic.ok",
      "thumbURL1000": "https://localcdn.permanent.org/_slifty/0001-0004.thumb.w200?t=1687545227&Expires=1687545227&Signature=UQXdLZ7n3u-afI5e91~4Ahw9ET56SB-5rM7Gq-dCkdPfMDao79F0im0f23hyf~34in2IviIX2RoPPIo65FKw5MKZSOB~pMrE-ov55uD5boGk1U4PL4W-ObV2VlZECaUJye-RXXuGbdY5E0fcG7lFukzsHd9cSpFIR9lPQVLZ4lzFUN3vxWATowWJic7oz4GpUP6MxFGa2QySwMYWYohMLgafwajzeVhD6jiq6kgE~Y01i-MNhLCweUh2TWQfpznQteZUdcwmV7jwvBFz6jPJQEYieEb7Cryv7ju9Mob53OJqy5r90~XSPlgndCreD6x3CNdS7qVOqii5-wTYcBVvYw__&Key-Pair-Id=APKAJP2D34UGZ6IG443Q",
      "thumbURL200": "https://localcdn.permanent.org/_slifty/0001-0004.thumb.w200?t=1687545227&Expires=1687545227&Signature=UQXdLZ7n3u-afI5e91~4Ahw9ET56SB-5rM7Gq-dCkdPfMDao79F0im0f23hyf~34in2IviIX2RoPPIo65FKw5MKZSOB~pMrE-ov55uD5boGk1U4PL4W-ObV2VlZECaUJye-RXXuGbdY5E0fcG7lFukzsHd9cSpFIR9lPQVLZ4lzFUN3vxWATowWJic7oz4GpUP6MxFGa2QySwMYWYohMLgafwajzeVhD6jiq6kgE~Y01i-MNhLCweUh2TWQfpznQteZUdcwmV7jwvBFz6jPJQEYieEb7Cryv7ju9Mob53OJqy5r90~XSPlgndCreD6x3CNdS7qVOqii5-wTYcBVvYw__&Key-Pair-Id=APKAJP2D34UGZ6IG443Q",
      "thumbURL2000": "https://localcdn.permanent.org/_slifty/0001-0004.thumb.w200?t=1687545227&Expires=1687545227&Signature=UQXdLZ7n3u-afI5e91~4Ahw9ET56SB-5rM7Gq-dCkdPfMDao79F0im0f23hyf~34in2IviIX2RoPPIo65FKw5MKZSOB~pMrE-ov55uD5boGk1U4PL4W-ObV2VlZECaUJye-RXXuGbdY5E0fcG7lFukzsHd9cSpFIR9lPQVLZ4lzFUN3vxWATowWJic7oz4GpUP6MxFGa2QySwMYWYohMLgafwajzeVhD6jiq6kgE~Y01i-MNhLCweUh2TWQfpznQteZUdcwmV7jwvBFz6jPJQEYieEb7Cryv7ju9Mob53OJqy5r90~XSPlgndCreD6x3CNdS7qVOqii5-wTYcBVvYw__&Key-Pair-Id=APKAJP2D34UGZ6IG443Q",
      "thumbURL500": "https://localcdn.permanent.org/_slifty/0001-0004.thumb.w200?t=1687545227&Expires=1687545227&Signature=UQXdLZ7n3u-afI5e91~4Ahw9ET56SB-5rM7Gq-dCkdPfMDao79F0im0f23hyf~34in2IviIX2RoPPIo65FKw5MKZSOB~pMrE-ov55uD5boGk1U4PL4W-ObV2VlZECaUJye-RXXuGbdY5E0fcG7lFukzsHd9cSpFIR9lPQVLZ4lzFUN3vxWATowWJic7oz4GpUP6MxFGa2QySwMYWYohMLgafwajzeVhD6jiq6kgE~Y01i-MNhLCweUh2TWQfpznQteZUdcwmV7jwvBFz6jPJQEYieEb7Cryv7ju9Mob53OJqy5r90~XSPlgndCreD6x3CNdS7qVOqii5-wTYcBVvYw__&Key-Pair-Id=APKAJP2D34UGZ6IG443Q",
      "timeZoneId": 88,
      "type": "type.folder.root.public",
      "updatedDT": "2022-06-23T18:33:48",
      "view": "folder.view.grid",
      "viewProperty": null,
    },
  ],
  "FolderLinkVOs": Array [
    Object {
      "accessRole": "access.role.owner",
      "archiveId": 1,
      "createdDT": "2022-06-23T18:33:43",
      "folderId": 1,
      "folder_linkId": 1,
      "linkCount": 1,
      "parentFolderId": null,
      "parentFolder_linkId": null,
      "position": 1,
      "recordId": null,
      "shareDT": null,
      "status": "status.generic.ok",
      "type": "type.folder_link.root.root",
      "updatedDT": "2022-06-23T18:33:43",
    },
  ],
  "FolderSizeVO": null,
  "LocnVO": null,
  "ParentFolderVOs": Array [],
  "RecordVOs": Array [],
  "ShareVOs": Array [],
  "SharedArchiveVOs": Array [],
  "TagVOs": Array [],
  "TimezoneVO": null,
  "accessRole": "access.role.owner",
  "archiveArchiveNbr": null,
  "archiveId": 1,
  "archiveNbr": "0001-0001",
  "createdDT": "2022-06-23T18:33:43",
  "derivedDT": "2022-06-23T18:33:43",
  "derivedEndDT": null,
  "description": null,
  "displayDT": "2022-06-23T18:33:43",
  "displayEndDT": null,
  "displayName": "Archive Root",
  "downloadName": null,
  "downloadNameOk": 0,
  "folderId": 1,
  "folder_linkId": 1,
  "folder_linkType": "type.folder_link.root.root",
  "imageRatio": "1.00",
  "locnId": null,
  "note": null,
  "parentArchiveNbr": null,
  "parentDisplayName": null,
  "parentFolderId": null,
  "parentFolder_linkId": null,
  "pathAsArchiveNbr": Array [],
  "pathAsFolder_linkId": null,
  "pathAsText": Array [],
  "posLimit": null,
  "posStart": null,
  "position": 1,
  "publicDT": null,
  "returnDataSize": null,
  "searchScore": null,
  "shareDT": null,
  "sort": "sort.alphabetical_asc",
  "special": null,
  "status": "status.generic.ok",
  "thumbArchiveNbr": null,
  "thumbDT": "2022-06-30T18:33:44",
  "thumbStatus": "status.generic.ok",
  "thumbURL1000": "https://localcdn.permanent.org/_slifty/0001-0001.thumb.w200?t=1656614024&Expires=1656614024&Signature=KNV8U-CkAIEh1Su99NqYkxxp2vJjv3rx3XomtsvCJH-yYiFp-pe2xtOxwPU~D6iFaHpccWDQC~kmF4dlUOfSPyEHeDPm70Duid7l9toWHVnT9ID~mOwhBN6XTgWw42K37RHGSep8T6bKmtWKv0WLDJ8REVXFmcRO7X8AC~q5b0zTn~q1~x6MIvprFBsIAT3FAM0mm1e-IuR3dM4HR9VJvoqzYjDqa88wWfBkn6YvPlPRnrboYLkYqXdy61hHwShvUnW4TsrbL55WCwL0ca9kDo40XF8WYkRFap8g6drd-sFtvN9LPvfG9virS52v0A5-bw07PcuHMm-u2VVkz3bpww__&Key-Pair-Id=APKAJP2D34UGZ6IG443Q",
  "thumbURL200": "https://localcdn.permanent.org/_slifty/0001-0001.thumb.w200?t=1656614024&Expires=1656614024&Signature=KNV8U-CkAIEh1Su99NqYkxxp2vJjv3rx3XomtsvCJH-yYiFp-pe2xtOxwPU~D6iFaHpccWDQC~kmF4dlUOfSPyEHeDPm70Duid7l9toWHVnT9ID~mOwhBN6XTgWw42K37RHGSep8T6bKmtWKv0WLDJ8REVXFmcRO7X8AC~q5b0zTn~q1~x6MIvprFBsIAT3FAM0mm1e-IuR3dM4HR9VJvoqzYjDqa88wWfBkn6YvPlPRnrboYLkYqXdy61hHwShvUnW4TsrbL55WCwL0ca9kDo40XF8WYkRFap8g6drd-sFtvN9LPvfG9virS52v0A5-bw07PcuHMm-u2VVkz3bpww__&Key-Pair-Id=APKAJP2D34UGZ6IG443Q",
  "thumbURL2000": "https://localcdn.permanent.org/_slifty/0001-0001.thumb.w200?t=1656614024&Expires=1656614024&Signature=KNV8U-CkAIEh1Su99NqYkxxp2vJjv3rx3XomtsvCJH-yYiFp-pe2xtOxwPU~D6iFaHpccWDQC~kmF4dlUOfSPyEHeDPm70Duid7l9toWHVnT9ID~mOwhBN6XTgWw42K37RHGSep8T6bKmtWKv0WLDJ8REVXFmcRO7X8AC~q5b0zTn~q1~x6MIvprFBsIAT3FAM0mm1e-IuR3dM4HR9VJvoqzYjDqa88wWfBkn6YvPlPRnrboYLkYqXdy61hHwShvUnW4TsrbL55WCwL0ca9kDo40XF8WYkRFap8g6drd-sFtvN9LPvfG9virS52v0A5-bw07PcuHMm-u2VVkz3bpww__&Key-Pair-Id=APKAJP2D34UGZ6IG443Q",
  "thumbURL500": "https://localcdn.permanent.org/_slifty/0001-0001.thumb.w200?t=1656614024&Expires=1656614024&Signature=KNV8U-CkAIEh1Su99NqYkxxp2vJjv3rx3XomtsvCJH-yYiFp-pe2xtOxwPU~D6iFaHpccWDQC~kmF4dlUOfSPyEHeDPm70Duid7l9toWHVnT9ID~mOwhBN6XTgWw42K37RHGSep8T6bKmtWKv0WLDJ8REVXFmcRO7X8AC~q5b0zTn~q1~x6MIvprFBsIAT3FAM0mm1e-IuR3dM4HR9VJvoqzYjDqa88wWfBkn6YvPlPRnrboYLkYqXdy61hHwShvUnW4TsrbL55WCwL0ca9kDo40XF8WYkRFap8g6drd-sFtvN9LPvfG9virS52v0A5-bw07PcuHMm-u2VVkz3bpww__&Key-Pair-Id=APKAJP2D34UGZ6IG443Q",
  "timeZoneId": 88,
  "type": "type.folder.root.root",
  "updatedDT": "2022-06-23T18:33:45",
  "view": "folder.view.grid",
  "viewProperty": null,
}
`;
