// Jest Snapshot v1, https://goo.gl/fbAQLP

exports[`getFolderVo should return the root folder VO 1`] = `
Object {
  "AccessVO": null,
  "AccessVOs": null,
  "ChildFolderVOs": Array [
    Object {
      "AccessVO": null,
      "AccessVOs": null,
      "ChildFolderVOs": Array [],
      "ChildItemVOs": Array [],
      "FolderLinkVOs": Array [
        Object {
          "accessRole": "access.role.owner",
          "archiveId": 1,
          "createdDT": "2022-07-19T15:26:40",
          "folderId": 7458,
          "folder_linkId": 7977,
          "linkCount": 1,
          "parentFolderId": 7457,
          "parentFolder_linkId": 7975,
          "position": 1,
          "recordId": null,
          "shareDT": null,
          "status": "status.generic.ok",
          "type": "type.folder_link.private",
          "updatedDT": "2022-07-19T15:26:40",
        },
      ],
      "FolderSizeVO": null,
      "LocnVO": null,
      "ParentFolderVOs": Array [],
      "RecordVOs": Array [],
      "ShareVOs": Array [],
      "SharedArchiveVOs": Array [],
      "TagVOs": Array [],
      "TimezoneVO": Object {
        "country": "United States",
        "countryCode": "US",
        "createdDT": "2017-05-26T00:00:00",
        "displayName": "Central Time",
        "dstAbbrev": "CDT",
        "dstName": "Central Daylight Time",
        "dstOffset": "-05:00",
        "status": "status.timezone.ok",
        "stdAbbrev": "CST",
        "stdName": "Central Standard Time",
        "stdOffset": "-06:00",
        "timeZoneId": 88,
        "timeZonePlace": "America/Chicago",
        "type": "type.generic.placeholder",
        "updatedDT": "2017-05-26T00:00:00",
      },
      "accessRole": "access.role.owner",
      "archiveArchiveNbr": null,
      "archiveId": 1,
      "archiveNbr": "0001-0007",
      "createdDT": "2022-07-19T15:26:40",
      "derivedDT": "2022-07-19T15:26:40",
      "derivedEndDT": null,
      "description": null,
      "displayDT": "2022-07-19T15:26:40",
      "displayEndDT": null,
      "displayName": "Internal folder",
      "downloadName": "Internal folder",
      "downloadNameOk": 1,
      "folderId": 7458,
      "folder_linkId": 7977,
      "folder_linkType": "type.folder_link.private",
      "imageRatio": "1.00",
      "locnId": null,
      "note": null,
      "parentArchiveNbr": null,
      "parentDisplayName": null,
      "parentFolderId": 7457,
      "parentFolder_linkId": 7975,
      "pathAsArchiveNbr": Array [],
      "pathAsFolder_linkId": null,
      "pathAsText": Array [],
      "posLimit": null,
      "posStart": null,
      "position": 1,
      "publicDT": null,
      "returnDataSize": null,
      "searchScore": null,
      "shareDT": null,
      "sort": "sort.alphabetical_asc",
      "special": null,
      "status": "status.generic.ok",
      "thumbArchiveNbr": null,
      "thumbDT": "2022-07-26T15:27:06",
      "thumbStatus": "status.generic.ok",
      "thumbURL1000": "https://localcdn.permanent.org/_slifty/0001-0007.thumb.w1000?t=1658849226&Expires=1658849226&Signature=BJvlscTmdRfDhO8etaWlVZ9EKtKyncQg8~f8Os6yd9tGuqrCiKcPo~qOuP8e0yN4GKjRnJRGwIJ44tOZgkV-jEYSC3UuELaSRr84b2xY4oM1CTOrMzg66M1DkTie8vZkKl4b7v9b9x4gCJzy16lfXTPTV9A02ucyIOHtdWCxkBpsKw1qqaUA~iQD0wU1RgLijvwjap4aShaeJ7KyvvmogUKY7jTMi-yoGyspA6FEdjZJrAI05dMGWwrpiVeAe~7FLpFC1BGRmgeSWfJB8MWNtaSPJ9bPdi9oYBAlDjpBRwrqspsHYImxashrzgI9CoPW27bt2EvVvPytjV3yIEFefQ__&Key-Pair-Id=APKAJP2D34UGZ6IG443Q",
      "thumbURL200": "https://localcdn.permanent.org/_slifty/0001-0007.thumb.w200?t=1658849226&Expires=1658849226&Signature=bXCFilVKuNimGtdeARC5uF7DJiblesV9fJE4lzRq0xqB2-~H9MDys0ImUt85Vh~LzhG09F6JeU-3qdFqYQfIZNsxEHwAsz2asmIRwL0HhOogFlELMeSCOK8cUh6Q2vMQw6~A~L5bzT0UAaO5HwpP9lPnVNf3cWfMWCuRBKF6Vny9oLc~A3UCavA71quTdz2g3mf-CI-1B-kOWfI7odoa1QeUae~iELyPWkyHqvMbNXkqYfp9EQFfsogKlmRnBgSHQ7DBXt4uktuvPnGJtcOGWPY6TiXx7Uyz6IgNPSxCCBR-gl9irFNH0aWwJl2urX7n5o52MzNY5VT~eTkA8XP8Ew__&Key-Pair-Id=APKAJP2D34UGZ6IG443Q",
      "thumbURL2000": "https://localcdn.permanent.org/_slifty/0001-0007.thumb.w2000?t=1658849226&Expires=1658849226&Signature=E8IyAlt7sZfRsMvz7P2Vtrwvb65dbvia11W6zwObPoCZmFETp6CZFFAvUk3lgcbjd~78JulOkPUe1Uzy7yw3MWy~7WvjMMEk94Ca7iDttFlW8gqRjywe~CMQLimSLIuo6HZ9LpvOw5VoevqKK4z9r1wCUkLT17RJ7PQlTk2DRjbQPBgl8JREdHrJuVjP2H6Fsi0dg7CJp8ufoWk4nSFjDDRF6yih8p2x22MqyZRHznpICNCI1JMxz6JpSFdfJCMXPmJo7lR3TfYeqZLlDUyL3dDU3g1UX~zQP7vBza66Kv2NBkvY5IpapZfuKPH9pLFwyJgtSSduMEE5nxhBjphd3A__&Key-Pair-Id=APKAJP2D34UGZ6IG443Q",
      "thumbURL500": "https://localcdn.permanent.org/_slifty/0001-0007.thumb.w500?t=1658849226&Expires=1658849226&Signature=eDy20XtfaA0j6cLGP0DZf6eDKwEAPGlHiUUXpJq~gQ1e~1DiOQdag~VSZ3cT4DCht5H-hHYSSSmj2OhMDLuXfNs~Qf~1yzHiCMVgsE9HJ68099FCcuiMxwCtdjDxmQ26OrBQrl1R5TTHR659t1D4KThdk82F8C4FUNT2I-lUPAKJSZYBlO48CNdkfyAIPkz1E0~86qbtzxmyYwBgLouS56PGHoWmN804FNiXfcQZx8DvoTG~IN-XwOtypkBems24pXZnnXnJd3fCYG28RAskq6RZf5jV-x1AOeJm2Z0sgHEukLyP1RRbTqCROQR4RRzUTUWGuTIRqjB75xR5EldrtQ__&Key-Pair-Id=APKAJP2D34UGZ6IG443Q",
      "timeZoneId": 88,
      "type": "type.folder.private",
      "updatedDT": "2022-07-19T15:27:06",
      "view": "folder.view.grid",
      "viewProperty": null,
    },
  ],
  "ChildItemVOs": Array [
    Object {
      "AccessVO": null,
      "ArchiveVOs": Array [],
      "FileVOs": null,
      "FolderLinkVOs": Array [
        Object {
          "accessRole": "access.role.owner",
          "archiveId": 1,
          "createdDT": "2022-07-19T15:26:31",
          "folderId": null,
          "folder_linkId": 7976,
          "linkCount": 1,
          "parentFolderId": 7457,
          "parentFolder_linkId": 7975,
          "position": 1,
          "recordId": 512,
          "shareDT": null,
          "status": "status.generic.ok",
          "type": "type.folder_link.private",
          "updatedDT": "2022-07-19T15:26:31",
        },
      ],
      "LocnVO": null,
      "ParentFolderVOs": null,
      "RecordExifVO": null,
      "ShareVOs": Array [],
      "TagVOs": Array [],
      "TextDataVOs": Array [],
      "TimezoneVO": Object {
        "country": "United States",
        "countryCode": "US",
        "createdDT": "2017-05-26T00:00:00",
        "displayName": "Central Time",
        "dstAbbrev": "CDT",
        "dstName": "Central Daylight Time",
        "dstOffset": "-05:00",
        "status": "status.timezone.ok",
        "stdAbbrev": "CST",
        "stdName": "Central Standard Time",
        "stdOffset": "-06:00",
        "timeZoneId": 88,
        "timeZonePlace": "America/Chicago",
        "type": "type.generic.placeholder",
        "updatedDT": "2017-05-26T00:00:00",
      },
      "accessRole": "access.role.owner",
      "archiveArchiveNbr": null,
      "archiveId": 1,
      "archiveNbr": "0001-0006",
      "createdDT": "2022-07-19T15:26:31",
      "derivedCreatedDT": "2022-06-01T18:44:43",
      "derivedDT": null,
      "derivedEndDT": null,
      "description": null,
      "displayDT": "2022-06-01T18:44:43",
      "displayEndDT": null,
      "displayName": "face-in-clouds",
      "downloadName": "face-in-clouds.gif",
      "downloadNameOk": 1,
      "fileDurationInSecs": null,
      "fileStatus": "status.generic.ok",
      "folderArchiveId": 1,
      "folder_linkId": 7976,
      "folder_linkType": "type.folder_link.private",
      "imageRatio": "0.56",
      "locnId": null,
      "metaToken": "J6WK4HEH7H",
      "note": null,
      "parentArchiveNbr": null,
      "parentDisplayName": null,
      "parentFolderId": 7457,
      "parentFolder_linkId": 7975,
      "pathAsArchiveNbr": null,
      "pathAsFolder_linkId": null,
      "pathAsText": null,
      "position": 1,
      "processedDT": "2022-07-19T15:30:23",
      "publicDT": null,
      "recordId": 512,
      "refArchiveNbr": null,
      "saveAs": null,
      "searchScore": null,
      "size": 349535,
      "status": "status.generic.ok",
      "thumbDT": "2022-07-26T15:30:11",
      "thumbStatus": "status.generic.ok",
      "thumbURL1000": "https://localcdn.permanent.org/_slifty/0001-0006.thumb.w1000?t=1658849411&Expires=1658849411&Signature=Ggur1id02dsYDVutC1ajZSGk0MJYkb2m8EmrKjcAGcoLyr0VjlrN0JkEG-qn7hWX9f65QhwuEHMNXzrwOnQsZVPrAlkPmY~NggnBgKIn-MmmHPaTGZJuv1eo1Yi0GcDluhMhL9ZP5A3GEvJZRE8O3XGNibqpg6Bruct0fp0l1CPX9-ypvj~SHY2KD6waw8aKisKx1V25C8ceq6XiOuC3muSJmSxkyZx-sOcI993rCkIrCuaslh1CdM5RwePpEEOkvpJ01axhqiZifNtwH8Qai4lYTrscvGFYia0HLDdwsCimsDic--avcrz7gvogeoro4W7FiiHH7MW~u2E9r4p4RA__&Key-Pair-Id=APKAJP2D34UGZ6IG443Q",
      "thumbURL200": "https://localcdn.permanent.org/_slifty/0001-0006.thumb.w200?t=1658849411&Expires=1658849411&Signature=SxwQTxlD4OWBuvaS9~Pl6mIIdie6R45chqgRI~i35oV4IR9WfJzB156GBCa7XAj9G~ebVlS2btgiKqZ746DbDAvximQBznIGNEgHE7vuFYdzDk6ezFosYAbqsPHBEheEJ0pynVbd9dJwtdh73VOYji6UblbBJP6o9Q8P5oA0Ya0YE05eCNyoRRhN9ptsP-TvmETs0wnPcV3GUxvNQENk4Nb2-EzhOiJB5jpTn70wJzTVtICrjZVhduKzNRZnXPoyFRunAuFdoODeSbeyrTjyM1SQfuLUGvyC7XYX9h5pTNlbn3Wc-yy7gz2yZ~Y5ynoGZSTZN~YI0SyL7gst8JFPzQ__&Key-Pair-Id=APKAJP2D34UGZ6IG443Q",
      "thumbURL2000": "https://localcdn.permanent.org/_slifty/0001-0006.thumb.w2000?t=1658849411&Expires=1658849411&Signature=HLj7Y5t1KxOp8GtYAVydaQzR9cJZPxbJ1h8acoPBYPgkBHi-Tb4YeUi3GHZ5fOZWi8sIi5jtDKrIYRes5ou1DsNTmUrZtInEzu9x9UN~udPuN69NtGsepnSsKJGJu8ag9n69sUIzYes0I0nUy9Jzf-~9ctlaKWpRmdYIif~Q-17WOC2hi708RcMYyaoV~09RAYLYnKH3zMs2AQcqziAKtkXehoAs7vbZHULWy06AF5CEGOGQQfadsri7FSIahZdPP-t15MvYVlS736s9LBWWpr9SSPbYZOqSJOTh2CFEsxTyO35n5K-LasZHJF4QU2adrLxTHyQtPEXglRxhzmn4Nw__&Key-Pair-Id=APKAJP2D34UGZ6IG443Q",
      "thumbURL500": "https://localcdn.permanent.org/_slifty/0001-0006.thumb.w500?t=1658849411&Expires=1658849411&Signature=OofDA9hFwp2k3VcqAi5pdG8IgyMM2cc1spXmgaLn6uoeYnyGy4iRyMR9NLdIWUOWTjXJSG4GfWcYNy4gghL1P1ROxIQNn3ETHeUkrMwHKSUG8Ww1QREt~vmXp68mnfkpO9y7i-udzPyPJEWAfOz6Oip5H-MLXP5De5Vzdy2wiKLlvtzsRrgBe6B2FOPudAPUIU-v85T2lATK8Qs85-KyW2TJIjnePCXA7BcWImrU5G7orCiAum3LPKOrt8Cg7APBmQzG1QcfHplKFhykty-Lvke2LyXe3crusInp0UxlSr~4l5T2q5cw9C3ZIxUuyrm3tGjlcsoHXVTi9ZNkc8WtPA__&Key-Pair-Id=APKAJP2D34UGZ6IG443Q",
      "timeZoneId": 88,
      "type": "type.record.image",
      "updatedDT": "2022-07-19T15:30:23",
      "uploadAccountId": 1,
      "uploadFileName": "face-in-clouds.gif",
      "uploadUri": null,
      "view": null,
      "viewProperty": null,
    },
    Object {
      "AccessVO": null,
      "AccessVOs": null,
      "ChildFolderVOs": Array [],
      "ChildItemVOs": Array [],
      "FolderLinkVOs": Array [
        Object {
          "accessRole": "access.role.owner",
          "archiveId": 1,
          "createdDT": "2022-07-19T15:26:40",
          "folderId": 7458,
          "folder_linkId": 7977,
          "linkCount": 1,
          "parentFolderId": 7457,
          "parentFolder_linkId": 7975,
          "position": 1,
          "recordId": null,
          "shareDT": null,
          "status": "status.generic.ok",
          "type": "type.folder_link.private",
          "updatedDT": "2022-07-19T15:26:40",
        },
      ],
      "FolderSizeVO": null,
      "LocnVO": null,
      "ParentFolderVOs": Array [],
      "RecordVOs": Array [],
      "ShareVOs": Array [],
      "SharedArchiveVOs": Array [],
      "TagVOs": Array [],
      "TimezoneVO": Object {
        "country": "United States",
        "countryCode": "US",
        "createdDT": "2017-05-26T00:00:00",
        "displayName": "Central Time",
        "dstAbbrev": "CDT",
        "dstName": "Central Daylight Time",
        "dstOffset": "-05:00",
        "status": "status.timezone.ok",
        "stdAbbrev": "CST",
        "stdName": "Central Standard Time",
        "stdOffset": "-06:00",
        "timeZoneId": 88,
        "timeZonePlace": "America/Chicago",
        "type": "type.generic.placeholder",
        "updatedDT": "2017-05-26T00:00:00",
      },
      "accessRole": "access.role.owner",
      "archiveArchiveNbr": null,
      "archiveId": 1,
      "archiveNbr": "0001-0007",
      "createdDT": "2022-07-19T15:26:40",
      "derivedDT": "2022-07-19T15:26:40",
      "derivedEndDT": null,
      "description": null,
      "displayDT": "2022-07-19T15:26:40",
      "displayEndDT": null,
      "displayName": "Internal folder",
      "downloadName": "Internal folder",
      "downloadNameOk": 1,
      "folderId": 7458,
      "folder_linkId": 7977,
      "folder_linkType": "type.folder_link.private",
      "imageRatio": "1.00",
      "locnId": null,
      "note": null,
      "parentArchiveNbr": null,
      "parentDisplayName": null,
      "parentFolderId": 7457,
      "parentFolder_linkId": 7975,
      "pathAsArchiveNbr": Array [],
      "pathAsFolder_linkId": null,
      "pathAsText": Array [],
      "posLimit": null,
      "posStart": null,
      "position": 1,
      "publicDT": null,
      "returnDataSize": null,
      "searchScore": null,
      "shareDT": null,
      "sort": "sort.alphabetical_asc",
      "special": null,
      "status": "status.generic.ok",
      "thumbArchiveNbr": null,
      "thumbDT": "2022-07-26T15:27:06",
      "thumbStatus": "status.generic.ok",
      "thumbURL1000": "https://localcdn.permanent.org/_slifty/0001-0007.thumb.w1000?t=1658849226&Expires=1658849226&Signature=BJvlscTmdRfDhO8etaWlVZ9EKtKyncQg8~f8Os6yd9tGuqrCiKcPo~qOuP8e0yN4GKjRnJRGwIJ44tOZgkV-jEYSC3UuELaSRr84b2xY4oM1CTOrMzg66M1DkTie8vZkKl4b7v9b9x4gCJzy16lfXTPTV9A02ucyIOHtdWCxkBpsKw1qqaUA~iQD0wU1RgLijvwjap4aShaeJ7KyvvmogUKY7jTMi-yoGyspA6FEdjZJrAI05dMGWwrpiVeAe~7FLpFC1BGRmgeSWfJB8MWNtaSPJ9bPdi9oYBAlDjpBRwrqspsHYImxashrzgI9CoPW27bt2EvVvPytjV3yIEFefQ__&Key-Pair-Id=APKAJP2D34UGZ6IG443Q",
      "thumbURL200": "https://localcdn.permanent.org/_slifty/0001-0007.thumb.w200?t=1658849226&Expires=1658849226&Signature=bXCFilVKuNimGtdeARC5uF7DJiblesV9fJE4lzRq0xqB2-~H9MDys0ImUt85Vh~LzhG09F6JeU-3qdFqYQfIZNsxEHwAsz2asmIRwL0HhOogFlELMeSCOK8cUh6Q2vMQw6~A~L5bzT0UAaO5HwpP9lPnVNf3cWfMWCuRBKF6Vny9oLc~A3UCavA71quTdz2g3mf-CI-1B-kOWfI7odoa1QeUae~iELyPWkyHqvMbNXkqYfp9EQFfsogKlmRnBgSHQ7DBXt4uktuvPnGJtcOGWPY6TiXx7Uyz6IgNPSxCCBR-gl9irFNH0aWwJl2urX7n5o52MzNY5VT~eTkA8XP8Ew__&Key-Pair-Id=APKAJP2D34UGZ6IG443Q",
      "thumbURL2000": "https://localcdn.permanent.org/_slifty/0001-0007.thumb.w2000?t=1658849226&Expires=1658849226&Signature=E8IyAlt7sZfRsMvz7P2Vtrwvb65dbvia11W6zwObPoCZmFETp6CZFFAvUk3lgcbjd~78JulOkPUe1Uzy7yw3MWy~7WvjMMEk94Ca7iDttFlW8gqRjywe~CMQLimSLIuo6HZ9LpvOw5VoevqKK4z9r1wCUkLT17RJ7PQlTk2DRjbQPBgl8JREdHrJuVjP2H6Fsi0dg7CJp8ufoWk4nSFjDDRF6yih8p2x22MqyZRHznpICNCI1JMxz6JpSFdfJCMXPmJo7lR3TfYeqZLlDUyL3dDU3g1UX~zQP7vBza66Kv2NBkvY5IpapZfuKPH9pLFwyJgtSSduMEE5nxhBjphd3A__&Key-Pair-Id=APKAJP2D34UGZ6IG443Q",
      "thumbURL500": "https://localcdn.permanent.org/_slifty/0001-0007.thumb.w500?t=1658849226&Expires=1658849226&Signature=eDy20XtfaA0j6cLGP0DZf6eDKwEAPGlHiUUXpJq~gQ1e~1DiOQdag~VSZ3cT4DCht5H-hHYSSSmj2OhMDLuXfNs~Qf~1yzHiCMVgsE9HJ68099FCcuiMxwCtdjDxmQ26OrBQrl1R5TTHR659t1D4KThdk82F8C4FUNT2I-lUPAKJSZYBlO48CNdkfyAIPkz1E0~86qbtzxmyYwBgLouS56PGHoWmN804FNiXfcQZx8DvoTG~IN-XwOtypkBems24pXZnnXnJd3fCYG28RAskq6RZf5jV-x1AOeJm2Z0sgHEukLyP1RRbTqCROQR4RRzUTUWGuTIRqjB75xR5EldrtQ__&Key-Pair-Id=APKAJP2D34UGZ6IG443Q",
      "timeZoneId": 88,
      "type": "type.folder.private",
      "updatedDT": "2022-07-19T15:27:06",
      "view": "folder.view.grid",
      "viewProperty": null,
    },
  ],
  "FolderLinkVOs": Array [
    Object {
      "accessRole": "access.role.owner",
      "archiveId": 1,
      "createdDT": "2022-07-19T14:00:45",
      "folderId": 7457,
      "folder_linkId": 7975,
      "linkCount": 1,
      "parentFolderId": 3,
      "parentFolder_linkId": 3,
      "position": 1,
      "recordId": null,
      "shareDT": null,
      "status": "status.generic.ok",
      "type": "type.folder_link.private",
      "updatedDT": "2022-07-19T14:00:45",
    },
  ],
  "FolderSizeVO": Object {
    "allAudioCountDeep": 0,
    "allAudioCountShallow": 0,
    "allDocumentCountDeep": 0,
    "allDocumentCountShallow": 0,
    "allExperienceCountDeep": 0,
    "allExperienceCountShallow": 0,
    "allFileSizeDeep": 349535,
    "allFileSizeShallow": 349535,
    "allFolderCountDeep": 1,
    "allFolderCountShallow": 1,
    "allImageCountDeep": 1,
    "allImageCountShallow": 1,
    "allRecordCountDeep": 1,
    "allRecordCountShallow": 1,
    "allVideoCountDeep": 0,
    "allVideoCountShallow": 0,
    "archiveId": 1,
    "createdDT": "2022-07-19T15:30:27",
    "description": null,
    "displayName": "testing",
    "folderId": 7457,
    "folder_linkId": 7975,
    "folder_sizeId": 190,
    "lastExecuteDT": "2022-07-19 15:30:27",
    "lastExecuteReason": "task.record.process",
    "myAudioCountDeep": 0,
    "myAudioCountShallow": 0,
    "myDocumentCountDeep": 0,
    "myDocumentCountShallow": 0,
    "myExperienceCountDeep": 0,
    "myExperienceCountShallow": 0,
    "myFileSizeDeep": 349535,
    "myFileSizeShallow": 349535,
    "myFolderCountDeep": 1,
    "myFolderCountShallow": 1,
    "myImageCountDeep": 1,
    "myImageCountShallow": 1,
    "myRecordCountDeep": 1,
    "myRecordCountShallow": 1,
    "myVideoCountDeep": 0,
    "myVideoCountShallow": 0,
    "nextExecuteDT": "2022-07-20 15:30:27",
    "parentFolderId": 3,
    "parentFolder_linkId": 3,
    "position": 1,
    "recursive": null,
    "status": "status.generic.ok",
    "type": "type.folder.private",
    "updatedDT": "2022-07-19T15:30:27",
  },
  "LocnVO": null,
  "ParentFolderVOs": Array [
    Object {
      "AccessVO": null,
      "AccessVOs": null,
      "ChildFolderVOs": Array [],
      "ChildItemVOs": Array [],
      "FolderLinkVOs": Array [],
      "FolderSizeVO": null,
      "LocnVO": null,
      "ParentFolderVOs": Array [],
      "RecordVOs": Array [],
      "ShareVOs": Array [],
      "SharedArchiveVOs": Array [],
      "TagVOs": Array [],
      "TimezoneVO": Object {
        "country": "United States",
        "countryCode": "US",
        "createdDT": "2017-05-26T00:00:00",
        "displayName": "Central Time",
        "dstAbbrev": "CDT",
        "dstName": "Central Daylight Time",
        "dstOffset": "-05:00",
        "status": "status.timezone.ok",
        "stdAbbrev": "CST",
        "stdName": "Central Standard Time",
        "stdOffset": "-06:00",
        "timeZoneId": 88,
        "timeZonePlace": "America/Chicago",
        "type": "type.generic.placeholder",
        "updatedDT": "2017-05-26T00:00:00",
      },
      "accessRole": null,
      "archiveArchiveNbr": null,
      "archiveId": 1,
      "archiveNbr": "0001-0003",
      "createdDT": "2022-06-23T18:33:45",
      "derivedDT": "2022-06-01T18:44:43",
      "derivedEndDT": "2022-07-19T15:26:40",
      "description": "pages.private.description",
      "displayDT": "2022-06-01T18:44:43",
      "displayEndDT": "2022-07-19T15:26:40",
      "displayName": "My Files",
      "downloadName": null,
      "downloadNameOk": 0,
      "folderId": 3,
      "folder_linkId": null,
      "folder_linkType": null,
      "imageRatio": "1.00",
      "locnId": null,
      "note": null,
      "parentArchiveNbr": null,
      "parentDisplayName": null,
      "parentFolderId": null,
      "parentFolder_linkId": null,
      "pathAsArchiveNbr": Array [],
      "pathAsFolder_linkId": null,
      "pathAsText": Array [],
      "posLimit": null,
      "posStart": null,
      "position": null,
      "publicDT": null,
      "returnDataSize": null,
      "searchScore": null,
      "shareDT": null,
      "sort": "sort.alphabetical_asc",
      "special": null,
      "status": "status.generic.ok",
      "thumbArchiveNbr": null,
      "thumbDT": "2022-07-25T13:55:01",
      "thumbStatus": "status.generic.ok",
      "thumbURL1000": "https://localcdn.permanent.org/_slifty/0001-0003.thumb.w1000?t=1658757301&Expires=1658757301&Signature=EA-kXtuxcig3uLItImQIeVunBgxM4DsdUibYZSKztOH7gQ38MYiaKwoq1bZ9ElZprPVbc0PeyePyYIZaCDaGmN1DcBJOGN6~ZNB8cd-jDVpiVUfH957bfHRH4p3uXizl5bCYxwdrP4AWKA0A9pr29kyOBjpgJqmUyjjYVB5u9fUO-R8KpCfdGh3y~vpowtfcquOc5CizGzBZXu468a0ra9DNVwxdIg-4Iqj~e1PMXMVl1y2eVLbqG6CdYT2e1fEQM~8qWSCehIjqtb6XG-3hxpi1n78~a4OS6T-kmyofXxTYbC5wTitJhCN9WO6X~DuGmC5dS3jZf5S16xbmrWo3AQ__&Key-Pair-Id=APKAJP2D34UGZ6IG443Q",
      "thumbURL200": "https://localcdn.permanent.org/_slifty/0001-0003.thumb.w200?t=1658757301&Expires=1658757301&Signature=iuYVX53dTLZWiHzY0uf086aVRTgIAMc2vanubwHP0K-AzfwiNtyfGMQzUHl0RVPpZxNqc8S1xw~Gl2wrelBb3sdqDGUExe8GrDoMv7H-vceLJcJFhP0yTsRy7qpNLY~Y5MvyZhqX69shV2AroPXUdBVIk07C4TO9A4hYKsxfirFmwMuFhT~OtJ4h-B1eBXc7t5bhw74ME49PJHUPyATEkQGTSTZfK3CWmn04q~x96tKBqXsHsMPRBiy0RiiUNYtLjR68kthlfHuExH4y0rUK04s7G7F9kgy4V7LVR-u7Ru5DkIh-HbAh-ghYJ-YJ58c2Edc38Gz~YQfU5GYfKLK-cw__&Key-Pair-Id=APKAJP2D34UGZ6IG443Q",
      "thumbURL2000": "https://localcdn.permanent.org/_slifty/0001-0003.thumb.w2000?t=1658757301&Expires=1658757301&Signature=VEewP~ImYlcQ8hSiiVoOmPRFd~Aw3qQ-AyVyLpgdWlpQ2IFkSNDyVEb8KpRIkblZZ4al8SeQqF1gM7eayE4fp4m4-5i3B0iCCJ4wgQW9Ky9j177qARvwE5Gtv4idKN9Fnp-trI5nMYbgEArlJkey4CRHvJe7nL8KtI7AxENAgJqErxvd4xE24YTISMSmHCk6GGuynKDYevvHogwIYmNmvuRz0vdwuc6G20pGaJr6WHaA7LIuzdIgWs1G5a-jGwDlxMvefYzoHXCBmDgkHIrQW3HEjddxDn0gHZQZ10d9NSUpWHITKyNnTgv2gov3P1tR9dPlZFGpuNobmVVX5QzVMQ__&Key-Pair-Id=APKAJP2D34UGZ6IG443Q",
      "thumbURL500": "https://localcdn.permanent.org/_slifty/0001-0003.thumb.w500?t=1658757301&Expires=1658757301&Signature=Krm5hY5AydF-2x~P0S5L46BXKUR18P-ZjKXP7x3qAT-YkGSnWk1OYh4YxIxh2ZaQHqIxYUfcUrWZCwFrwKKvYPFQqSd6b34BXhNuceCWfIr-zsCkJn7f8ut~49PzVoQVntp6CU4Lrx1w4jKZv3FJmVg2W7NBqYjWG2~ka~7Z~mSQtAUAlEfKJQfrVP-saHdeF1nv71yjmKCwIhLPlU3uqDE-77L9Hh0SxQDn6-GizWYQRwE37P1Db~wrdNC1UejMlR8XtLytmXL7lT~r--BZ-B6V7u14pl~83VyFv5tgjgFvPaJTU0PU5QP5NMTxTRQ-eLKij7GRH2dURtib55AUYg__&Key-Pair-Id=APKAJP2D34UGZ6IG443Q",
      "timeZoneId": 88,
      "type": "type.folder.root.private",
      "updatedDT": "2022-07-19T15:30:23",
      "view": "folder.view.grid",
      "viewProperty": null,
    },
  ],
  "RecordVOs": Array [
    Object {
      "AccessVO": null,
      "ArchiveVOs": Array [],
      "FileVOs": null,
      "FolderLinkVOs": Array [
        Object {
          "accessRole": "access.role.owner",
          "archiveId": 1,
          "createdDT": "2022-07-19T15:26:31",
          "folderId": null,
          "folder_linkId": 7976,
          "linkCount": 1,
          "parentFolderId": 7457,
          "parentFolder_linkId": 7975,
          "position": 1,
          "recordId": 512,
          "shareDT": null,
          "status": "status.generic.ok",
          "type": "type.folder_link.private",
          "updatedDT": "2022-07-19T15:26:31",
        },
      ],
      "LocnVO": null,
      "ParentFolderVOs": null,
      "RecordExifVO": null,
      "ShareVOs": Array [],
      "TagVOs": Array [],
      "TextDataVOs": Array [],
      "TimezoneVO": Object {
        "country": "United States",
        "countryCode": "US",
        "createdDT": "2017-05-26T00:00:00",
        "displayName": "Central Time",
        "dstAbbrev": "CDT",
        "dstName": "Central Daylight Time",
        "dstOffset": "-05:00",
        "status": "status.timezone.ok",
        "stdAbbrev": "CST",
        "stdName": "Central Standard Time",
        "stdOffset": "-06:00",
        "timeZoneId": 88,
        "timeZonePlace": "America/Chicago",
        "type": "type.generic.placeholder",
        "updatedDT": "2017-05-26T00:00:00",
      },
      "accessRole": "access.role.owner",
      "archiveArchiveNbr": null,
      "archiveId": 1,
      "archiveNbr": "0001-0006",
      "createdDT": "2022-07-19T15:26:31",
      "derivedCreatedDT": "2022-06-01T18:44:43",
      "derivedDT": null,
      "derivedEndDT": null,
      "description": null,
      "displayDT": "2022-06-01T18:44:43",
      "displayEndDT": null,
      "displayName": "face-in-clouds",
      "downloadName": "face-in-clouds.gif",
      "downloadNameOk": 1,
      "fileDurationInSecs": null,
      "fileStatus": "status.generic.ok",
      "folderArchiveId": 1,
      "folder_linkId": 7976,
      "folder_linkType": "type.folder_link.private",
      "imageRatio": "0.56",
      "locnId": null,
      "metaToken": "J6WK4HEH7H",
      "note": null,
      "parentArchiveNbr": null,
      "parentDisplayName": null,
      "parentFolderId": 7457,
      "parentFolder_linkId": 7975,
      "pathAsArchiveNbr": null,
      "pathAsFolder_linkId": null,
      "pathAsText": null,
      "position": 1,
      "processedDT": "2022-07-19T15:30:23",
      "publicDT": null,
      "recordId": 512,
      "refArchiveNbr": null,
      "saveAs": null,
      "searchScore": null,
      "size": 349535,
      "status": "status.generic.ok",
      "thumbDT": "2022-07-26T15:30:11",
      "thumbStatus": "status.generic.ok",
      "thumbURL1000": "https://localcdn.permanent.org/_slifty/0001-0006.thumb.w1000?t=1658849411&Expires=1658849411&Signature=Ggur1id02dsYDVutC1ajZSGk0MJYkb2m8EmrKjcAGcoLyr0VjlrN0JkEG-qn7hWX9f65QhwuEHMNXzrwOnQsZVPrAlkPmY~NggnBgKIn-MmmHPaTGZJuv1eo1Yi0GcDluhMhL9ZP5A3GEvJZRE8O3XGNibqpg6Bruct0fp0l1CPX9-ypvj~SHY2KD6waw8aKisKx1V25C8ceq6XiOuC3muSJmSxkyZx-sOcI993rCkIrCuaslh1CdM5RwePpEEOkvpJ01axhqiZifNtwH8Qai4lYTrscvGFYia0HLDdwsCimsDic--avcrz7gvogeoro4W7FiiHH7MW~u2E9r4p4RA__&Key-Pair-Id=APKAJP2D34UGZ6IG443Q",
      "thumbURL200": "https://localcdn.permanent.org/_slifty/0001-0006.thumb.w200?t=1658849411&Expires=1658849411&Signature=SxwQTxlD4OWBuvaS9~Pl6mIIdie6R45chqgRI~i35oV4IR9WfJzB156GBCa7XAj9G~ebVlS2btgiKqZ746DbDAvximQBznIGNEgHE7vuFYdzDk6ezFosYAbqsPHBEheEJ0pynVbd9dJwtdh73VOYji6UblbBJP6o9Q8P5oA0Ya0YE05eCNyoRRhN9ptsP-TvmETs0wnPcV3GUxvNQENk4Nb2-EzhOiJB5jpTn70wJzTVtICrjZVhduKzNRZnXPoyFRunAuFdoODeSbeyrTjyM1SQfuLUGvyC7XYX9h5pTNlbn3Wc-yy7gz2yZ~Y5ynoGZSTZN~YI0SyL7gst8JFPzQ__&Key-Pair-Id=APKAJP2D34UGZ6IG443Q",
      "thumbURL2000": "https://localcdn.permanent.org/_slifty/0001-0006.thumb.w2000?t=1658849411&Expires=1658849411&Signature=HLj7Y5t1KxOp8GtYAVydaQzR9cJZPxbJ1h8acoPBYPgkBHi-Tb4YeUi3GHZ5fOZWi8sIi5jtDKrIYRes5ou1DsNTmUrZtInEzu9x9UN~udPuN69NtGsepnSsKJGJu8ag9n69sUIzYes0I0nUy9Jzf-~9ctlaKWpRmdYIif~Q-17WOC2hi708RcMYyaoV~09RAYLYnKH3zMs2AQcqziAKtkXehoAs7vbZHULWy06AF5CEGOGQQfadsri7FSIahZdPP-t15MvYVlS736s9LBWWpr9SSPbYZOqSJOTh2CFEsxTyO35n5K-LasZHJF4QU2adrLxTHyQtPEXglRxhzmn4Nw__&Key-Pair-Id=APKAJP2D34UGZ6IG443Q",
      "thumbURL500": "https://localcdn.permanent.org/_slifty/0001-0006.thumb.w500?t=1658849411&Expires=1658849411&Signature=OofDA9hFwp2k3VcqAi5pdG8IgyMM2cc1spXmgaLn6uoeYnyGy4iRyMR9NLdIWUOWTjXJSG4GfWcYNy4gghL1P1ROxIQNn3ETHeUkrMwHKSUG8Ww1QREt~vmXp68mnfkpO9y7i-udzPyPJEWAfOz6Oip5H-MLXP5De5Vzdy2wiKLlvtzsRrgBe6B2FOPudAPUIU-v85T2lATK8Qs85-KyW2TJIjnePCXA7BcWImrU5G7orCiAum3LPKOrt8Cg7APBmQzG1QcfHplKFhykty-Lvke2LyXe3crusInp0UxlSr~4l5T2q5cw9C3ZIxUuyrm3tGjlcsoHXVTi9ZNkc8WtPA__&Key-Pair-Id=APKAJP2D34UGZ6IG443Q",
      "timeZoneId": 88,
      "type": "type.record.image",
      "updatedDT": "2022-07-19T15:30:23",
      "uploadAccountId": 1,
      "uploadFileName": "face-in-clouds.gif",
      "uploadUri": null,
      "view": null,
      "viewProperty": null,
    },
  ],
  "ShareVOs": Array [],
  "SharedArchiveVOs": Array [],
  "TagVOs": Array [],
  "TimezoneVO": Object {
    "country": "United States",
    "countryCode": "US",
    "createdDT": "2017-05-26T00:00:00",
    "displayName": "Central Time",
    "dstAbbrev": "CDT",
    "dstName": "Central Daylight Time",
    "dstOffset": "-05:00",
    "status": "status.timezone.ok",
    "stdAbbrev": "CST",
    "stdName": "Central Standard Time",
    "stdOffset": "-06:00",
    "timeZoneId": 88,
    "timeZonePlace": "America/Chicago",
    "type": "type.generic.placeholder",
    "updatedDT": "2017-05-26T00:00:00",
  },
  "accessRole": "access.role.owner",
  "archiveArchiveNbr": "0001-0000",
  "archiveId": 1,
  "archiveNbr": "0001-0005",
  "createdDT": "2022-07-19T14:00:45",
  "derivedDT": "2022-06-01T18:44:43",
  "derivedEndDT": "2022-07-19T15:26:40",
  "description": null,
  "displayDT": "2022-06-01T18:44:43",
  "displayEndDT": "2022-07-19T15:26:40",
  "displayName": "testing",
  "downloadName": "testing",
  "downloadNameOk": 1,
  "folderId": 7457,
  "folder_linkId": 7975,
  "folder_linkType": "type.folder_link.private",
  "imageRatio": "1.00",
  "locnId": null,
  "note": null,
  "parentArchiveNbr": null,
  "parentDisplayName": null,
  "parentFolderId": 3,
  "parentFolder_linkId": 3,
  "pathAsArchiveNbr": Array [],
  "pathAsFolder_linkId": null,
  "pathAsText": Array [],
  "posLimit": null,
  "posStart": null,
  "position": 1,
  "publicDT": null,
  "returnDataSize": null,
  "searchScore": null,
  "shareDT": null,
  "sort": "sort.alphabetical_asc",
  "special": null,
  "status": "status.generic.ok",
  "thumbArchiveNbr": null,
  "thumbDT": "2022-07-26T15:30:20",
  "thumbStatus": "status.generic.ok",
  "thumbURL1000": "https://localcdn.permanent.org/_slifty/0001-0005.thumb.w1000?t=1658849420&Expires=1658849420&Signature=IpL12z9GR4V4DHiVemtyEMSF1AkPmcKteLiNSCaRnWJWc~QOTrp8RW57o3IKeDVUfpJEK1KDgDLYEQ9RcHnJgg66vpVsVUz~DaSU7Y5fBgM8u933bypklhA2DO-UQEGNijBJOUXhHb~32PVBRWru4Fn-FV~fBsTca9vmOrmDeZuKEy5ARzU4YaHX0Q02CqSEqxz87MB3dIQWj5IvuDiYGsCPaWHFrxvtzihTTlhjbQcbXzGxbIEQJ6N-blYJexH-drRZ1e9ycmpPKstRZYISKXenJZ9NjkHFHcRhrwPPNsIwnilirgDjREy5WNKw-M~jUmJwrO1zfQWnw-5Gdgj~dQ__&Key-Pair-Id=APKAJP2D34UGZ6IG443Q",
  "thumbURL200": "https://localcdn.permanent.org/_slifty/0001-0005.thumb.w200?t=1658849420&Expires=1658849420&Signature=kKxPGeOMa-rMbouLZmpfbs9osuP266~fPXPV5h7PNDVDgKi6310AVyC6dPqU-kIvb76fG2FgQOl6hVrelS9-2gn~Kn5aBMXidPmuA-JpQJCWfUUapqVEmV5zbUKGxG0lvuT-J4-1c4VKbhigPWkD2d4QYb3n4GkHuM089uGXCkpuwI8qK7hvEr-uMaTFvVLl2WlK8pSWLRtdsTTtYvvMHK77rjGIlRJXnh9nLcwJkG0Q7rBhZ~kZ2a07aeo~ntFW0HBgaqr84F1l0qsGWm2IGfOkoyfJeIvAbzuoGVbWuYywSHNcJLH3LnTMzYyqle5AOIpRB5EKrIvuXYH~AuMzEQ__&Key-Pair-Id=APKAJP2D34UGZ6IG443Q",
  "thumbURL2000": "https://localcdn.permanent.org/_slifty/0001-0005.thumb.w2000?t=1658849420&Expires=1658849420&Signature=KB8552eNV7l92WhWkoitPa3KPyFZlvpcQv7Wg39vxYpzCb3ak8kAJloKhQ4NbpFtFhzcOsJi2MrOTcDij255ZE0J5rD-9TS85iTE47AR4752XruYr7NMxenGgOdOXJ1drWHsoDE6atUr4vludUwQofbeaRoK1zHyT7MKN5izgLf0e9Kbh0qUI1-xcoNvN6n-g7sDiklPMkibQlb2qu5Yqf0Do2tRBG~CX6j~P-htlhwv9e5BU2gA2YSH0V5alptq4kY78zV9U6ZgZA8nf5miQd-UWl6i1wv~bvB2lTNOKd20H4WvP~r7HFG5sgBkq3SA7UjxCR~c7DYpIGgg7NsIWA__&Key-Pair-Id=APKAJP2D34UGZ6IG443Q",
  "thumbURL500": "https://localcdn.permanent.org/_slifty/0001-0005.thumb.w500?t=1658849420&Expires=1658849420&Signature=Df3ei7ZGkCYBo6RlSiqw3pMcIvaFs~ZTwLhvfBZzV-eFuETALIWRPN3gqdGtje300qP0KyeBqQdWie5CKjupFiqcE2iZ9i3PXh7paktYhZhSD-qsrJ6Ldhh01kaBwqwmXxwRIJJfeS6t6myY1OQjcnoPAedSF9isUgGN5RRGLMtqMhR61-~tqoZWy5r9SI11imCphf1~OmeH2nR7PdtcfpgREMlsdIWb1J8h3hs8g~Xww-Gdm059ROwDxsXIOUXqhFS-svzgSXLV1G8B1NDNFJa0WU5mCXNtL31hCDnxk13qy~yrtomOoc5DlqjnFKQurpC3PJjxRP9AKUiNUEv04Q__&Key-Pair-Id=APKAJP2D34UGZ6IG443Q",
  "timeZoneId": 88,
  "type": "type.folder.private",
  "updatedDT": "2022-07-19T15:30:22",
  "view": "folder.view.grid",
  "viewProperty": null,
}
`;
